// Jest Snapshot v1, https://goo.gl/fbAQLP

exports[`Should match snapshot 1`] = `
.c0 {
  display: -webkit-box;
  display: -webkit-flex;
  display: -ms-flexbox;
  display: flex;
  width: 99%;
  border-radius: 5px;
  height: 40px;
  border: 2px solid rgb(214 211 209);
}

<input
  className="c0"
  data-testid="test-input-id"
  type="text"
/>
`;
